error: unexpected end of parameter
  --> tests/ui/unexpected_end_of_parameter.rs:26:17
   |
26 | #[metadata(name =)]
   |                 ^
